// Jest Snapshot v1, https://goo.gl/fbAQLP

exports[`<FirstApp /> should show <FirstApp /> correctly 1`] = `
<Fragment>
  <h1>
    Hola, soy Goku
  </h1>
  <p>
    Soy un subtitulo
  </p>
</Fragment>
`;

exports[`FirstApp should show <FirstApp /> correctly 1`] = `
<Fragment>
  <h1>
    Hola, soy Goku
  </h1>
  <p>
    Soy un subtitulo
  </p>
</Fragment>
`;
